// Jest Snapshot v1, https://goo.gl/fbAQLP

exports[`Movie renders the snapshot 1`] = `
<div>
  <a
    href="/movies/666"
    onClick={[Function]}
  >
    Title 666
  </a>
  <span>
    1990
  </span>
  <span>
     
  </span>
  <small>
    <a
      href="/movies/666/edit"
      onClick={[Function]}
    >
      Edit
    </a>
  </small>
  <ul />
</div>
`;
